src/modules/adminDashboard/services/adminDashboard.service.ts(94,21): error TS18046: 't._id' is of type 'unknown'.
src/modules/adminDashboard/services/adminDashboard.service.ts(98,17): error TS2322: Type 'unknown' is not assignable to type 'Date'.
src/modules/adminDashboard/services/adminDashboard.service.ts(148,17): error TS2322: Type 'Record<string, unknown>[]' is not assignable to type '{ month: string; revenue: number; }[]'.
  Type 'Record<string, unknown>' is missing the following properties from type '{ month: string; revenue: number; }': month, revenue
src/modules/adminDashboard/services/adminDashboard.service.ts(161,17): error TS2322: Type '{}' is not assignable to type 'number'.
src/modules/adminDashboard/services/adminDashboard.service.ts(162,17): error TS2322: Type '{}' is not assignable to type 'number'.
src/modules/adminDashboard/services/adminDashboard.service.ts(164,17): error TS2322: Type '{}' is not assignable to type 'number'.
src/modules/assignment/controller/assignment.controller.ts(73,22): error TS2345: Argument of type '(a: { _id: Types.ObjectId; freelancerId?: { userId?: { _id?: { toString: () => string; }; toString: () => string; name?: string; }; headline?: string; profileImage?: string; }; workStatus: string; }) => { ...; }' is not assignable to parameter of type '(value: IAssignment, index: number, array: IAssignment[]) => { id: string; userId: string; name: string; headline: string; profileImage: string; workStatus: string; }'.
  Types of parameters 'a' and 'value' are incompatible.
    Type 'IAssignment' is not assignable to type '{ _id: ObjectId; freelancerId?: { userId?: { _id?: { toString: () => string; } | undefined; toString: () => string; name?: string | undefined; } | undefined; headline?: string | undefined; profileImage?: string | undefined; } | undefined; workStatus: string; }'.
      Types of property 'freelancerId' are incompatible.
        Type 'ObjectId' has no properties in common with type '{ userId?: { _id?: { toString: () => string; } | undefined; toString: () => string; name?: string | undefined; } | undefined; headline?: string | undefined; profileImage?: string | undefined; }'.
src/modules/assignment/services/assignment.service.ts(147,65): error TS2345: Argument of type 'IAssignment' is not assignable to parameter of type 'Record<string, unknown>'.
  Index signature for type 'string' is missing in type 'IAssignment'.
src/modules/assignment/services/assignment.service.ts(152,21): error TS2322: Type 'string | undefined' is not assignable to type 'string'.
  Type 'undefined' is not assignable to type 'string'.
src/modules/assignment/services/assignment.service.ts(176,65): error TS2345: Argument of type 'IAssignment' is not assignable to parameter of type 'Record<string, unknown>'.
  Index signature for type 'string' is missing in type 'IAssignment'.
src/modules/assignment/services/assignment.service.ts(181,21): error TS2322: Type 'string | undefined' is not assignable to type 'string'.
  Type 'undefined' is not assignable to type 'string'.
src/modules/assignment/services/assignment.service.ts(249,61): error TS2345: Argument of type 'IAssignment' is not assignable to parameter of type 'Record<string, unknown>'.
  Index signature for type 'string' is missing in type 'IAssignment'.
src/modules/assignment/services/assignment.service.ts(257,17): error TS2322: Type 'string | undefined' is not assignable to type 'string'.
  Type 'undefined' is not assignable to type 'string'.
src/modules/assignment/services/assignment.service.ts(301,61): error TS2345: Argument of type 'IAssignment' is not assignable to parameter of type 'Record<string, unknown>'.
  Index signature for type 'string' is missing in type 'IAssignment'.
src/modules/assignment/services/assignment.service.ts(343,61): error TS2345: Argument of type 'IAssignment' is not assignable to parameter of type 'Record<string, unknown>'.
  Index signature for type 'string' is missing in type 'IAssignment'.
src/modules/auth/services/auth.service.ts(355,84): error TS2304: Cannot find name 'IUser'.
src/modules/auth/services/auth.service.ts(454,106): error TS2304: Cannot find name 'IUser'.
src/modules/finance/repositories/wallet.repository.ts(85,46): error TS2769: No overload matches this call.
  Overload 1 of 2, '(pipeline?: PipelineStage[] | undefined, options?: AggregateOptions | undefined): Aggregate<any[]>', gave the following error.
    Argument of type 'Record<string, unknown>[]' is not assignable to parameter of type 'PipelineStage[]'.
      Type 'Record<string, unknown>' is not assignable to type 'PipelineStage'.
        Property '$vectorSearch' is missing in type 'Record<string, unknown>' but required in type 'VectorSearch'.
  Overload 2 of 2, '(pipeline: PipelineStage[]): Aggregate<any[]>', gave the following error.
    Argument of type 'Record<string, unknown>[]' is not assignable to parameter of type 'PipelineStage[]'.
      Type 'Record<string, unknown>' is not assignable to type 'PipelineStage'.
        Property '$vectorSearch' is missing in type 'Record<string, unknown>' but required in type 'VectorSearch'.
src/modules/finance/repositories/wallet.repository.ts(86,46): error TS2769: No overload matches this call.
  Overload 1 of 2, '(pipeline?: PipelineStage[] | undefined, options?: AggregateOptions | undefined): Aggregate<any[]>', gave the following error.
    Argument of type 'Record<string, unknown>[]' is not assignable to parameter of type 'PipelineStage[]'.
      Type 'Record<string, unknown>' is not assignable to type 'PipelineStage'.
        Property '$vectorSearch' is missing in type 'Record<string, unknown>' but required in type 'VectorSearch'.
  Overload 2 of 2, '(pipeline: PipelineStage[]): Aggregate<any[]>', gave the following error.
    Argument of type 'Record<string, unknown>[]' is not assignable to parameter of type 'PipelineStage[]'.
      Type 'Record<string, unknown>' is not assignable to type 'PipelineStage'.
        Property '$vectorSearch' is missing in type 'Record<string, unknown>' but required in type 'VectorSearch'.
src/modules/finance/services/adminFinance.service.ts(52,28): error TS18046: 'filter.createdAt' is of type 'unknown'.
src/modules/finance/services/adminFinance.service.ts(53,26): error TS18046: 'filter.createdAt' is of type 'unknown'.
src/modules/finance/services/razorpay.service.ts(21,7): error TS2322: Type 'RazorpayOrder' is not assignable to type 'Record<string, unknown>'.
  Index signature for type 'string' is missing in type 'RazorpayOrder'.
src/modules/finance/services/workHistory.service.ts(32,34): error TS2339: Property 'userId' does not exist on type '{}'.
src/modules/finance/services/workHistory.service.ts(34,45): error TS2339: Property 'userId' does not exist on type '{}'.
src/modules/finance/services/workHistory.service.ts(34,76): error TS2339: Property 'userId' does not exist on type '{}'.
src/modules/finance/services/workHistory.service.ts(55,38): error TS2339: Property '_id' does not exist on type '{}'.
src/modules/finance/services/workHistory.service.ts(57,50): error TS2339: Property '_id' does not exist on type '{}'.
src/modules/job/controllers/job.controller.ts(9,11): error TS2430: Interface 'RequestWithUser' incorrectly extends interface 'Request<ParamsDictionary, any, any, ParsedQs, Record<string, any>>'.
  Types of property 'user' are incompatible.
    Type '{ userId?: string | undefined; } | undefined' is not assignable to type 'ITokenPayload | undefined'.
      Property 'role' is missing in type '{ userId?: string | undefined; }' but required in type 'ITokenPayload'.
src/modules/job/controllers/job.controller.ts(193,47): error TS2345: Argument of type '(a: { _id: { toString: () => string; }; workStatus: string; assignedAt: Date; freelancerId?: unknown; }) => { assignmentId: string; workStatus: string; assignedAt: Date; provider: ProviderResponseDTO | null; }' is not assignable to parameter of type '(value: IAssignment, index: number, array: IAssignment[]) => { assignmentId: string; workStatus: string; assignedAt: Date; provider: ProviderResponseDTO | null; }'.
  Types of parameters 'a' and 'value' are incompatible.
    Type 'IAssignment' is not assignable to type '{ _id: { toString: () => string; }; workStatus: string; assignedAt: Date; freelancerId?: unknown; }'.
      Types of property 'assignedAt' are incompatible.
        Type 'Date | undefined' is not assignable to type 'Date'.
          Type 'undefined' is not assignable to type 'Date'.
src/modules/job/controllers/job.controller.ts(219,45): error TS2322: Type 'string' is not assignable to type '"disputed" | "flagged" | "stalled" | "payments" | undefined'.
src/modules/job/controllers/job.controller.ts(250,81): error TS2345: Argument of type 'string | undefined' is not assignable to parameter of type 'string'.
  Type 'undefined' is not assignable to type 'string'.
src/modules/job/services/job.service.ts(386,13): error TS2345: Argument of type 'IAssignment[]' is not assignable to parameter of type 'IAssignmentSchedule[]'.
  Type 'IAssignment' is not assignable to type 'IAssignmentSchedule'.
    Types of property 'jobId' are incompatible.
      Type 'ObjectId' has no properties in common with type '{ schedule?: { startDate: string | Date; startTime: string; endTime: string; } | undefined; }'.
src/modules/job/services/job.service.ts(419,13): error TS2322: Type 'string' is not assignable to type 'ObjectId'.
src/modules/job/services/job.service.ts(420,13): error TS2322: Type 'string' is not assignable to type 'ObjectId'.
src/modules/job/services/job.service.ts(424,17): error TS2322: Type 'string' is not assignable to type 'ObjectId'.
src/modules/job/services/job.service.ts(428,13): error TS2322: Type '{ amount: number; status: string; } | undefined' is not assignable to type '{ status: PAYMENT_STATUS; method?: PAYMENT_METHOD | undefined; amount: number; paidAt?: Date | undefined; transactionId?: string | undefined; } | undefined'.
  Type '{ amount: number; status: string; }' is not assignable to type '{ status: PAYMENT_STATUS; method?: PAYMENT_METHOD | undefined; amount: number; paidAt?: Date | undefined; transactionId?: string | undefined; }'.
    Types of property 'status' are incompatible.
      Type 'string' is not assignable to type 'PAYMENT_STATUS'.
src/modules/job/services/job.service.ts(497,13): error TS2345: Argument of type 'IAssignment[]' is not assignable to parameter of type 'IAssignmentSchedule[]'.
  Type 'IAssignment' is not assignable to type 'IAssignmentSchedule'.
    Types of property 'jobId' are incompatible.
      Type 'ObjectId' has no properties in common with type '{ schedule?: { startDate: string | Date; startTime: string; endTime: string; } | undefined; }'.
src/modules/job/services/job.service.ts(533,13): error TS2322: Type 'string' is not assignable to type 'ObjectId'.
src/modules/job/services/job.service.ts(534,13): error TS2322: Type 'string' is not assignable to type 'ObjectId'.
src/modules/job/services/job.service.ts(538,17): error TS2322: Type 'string' is not assignable to type 'ObjectId'.
src/modules/job/services/job.service.ts(542,13): error TS2322: Type '{ amount: number; status: string; } | undefined' is not assignable to type '{ status: PAYMENT_STATUS; method?: PAYMENT_METHOD | undefined; amount: number; paidAt?: Date | undefined; transactionId?: string | undefined; } | undefined'.
  Type '{ amount: number; status: string; }' is not assignable to type '{ status: PAYMENT_STATUS; method?: PAYMENT_METHOD | undefined; amount: number; paidAt?: Date | undefined; transactionId?: string | undefined; }'.
    Types of property 'status' are incompatible.
      Type 'string' is not assignable to type 'PAYMENT_STATUS'.
src/modules/job/services/job.service.ts(577,13): error TS2322: Type 'string | undefined' is not assignable to type 'string'.
  Type 'undefined' is not assignable to type 'string'.
src/modules/job/services/job.service.ts(743,13): error TS2322: Type 'string | undefined' is not assignable to type 'string'.
  Type 'undefined' is not assignable to type 'string'.
src/modules/message/controller/message.controller.ts(9,11): error TS2430: Interface 'RequestWithCustomProps' incorrectly extends interface 'Request<ParamsDictionary, any, any, ParsedQs, Record<string, any>>'.
  Types of property 'user' are incompatible.
    Type '{ userId?: string | undefined; _id?: string | undefined; } | undefined' is not assignable to type 'ITokenPayload | undefined'.
      Property 'role' is missing in type '{ userId?: string | undefined; _id?: string | undefined; }' but required in type 'ITokenPayload'.
src/modules/notification/controllers/notification.controller.ts(4,11): error TS2430: Interface 'RequestWithUser' incorrectly extends interface 'Request<ParamsDictionary, any, any, ParsedQs, Record<string, any>>'.
  Types of property 'user' are incompatible.
    Type '{ userId?: string | undefined; } | undefined' is not assignable to type 'ITokenPayload | undefined'.
      Property 'role' is missing in type '{ userId?: string | undefined; }' but required in type 'ITokenPayload'.
src/modules/notification/services/notification.service.ts(34,73): error TS2345: Argument of type '{ recipient: string; title: string; message: string; type: "JOB_ASSIGNMENT" | "JOB_STATUS" | "PAYMENT" | "SYSTEM" | "REVIEW"; link?: string | undefined; }' is not assignable to parameter of type 'Partial<INotification>'.
  Types of property 'recipient' are incompatible.
    Type 'string' is not assignable to type 'ObjectId'.
src/modules/providerDashboard/controllers/providerDashboard.controller.ts(5,11): error TS2430: Interface 'RequestWithUser' incorrectly extends interface 'Request<ParamsDictionary, any, any, ParsedQs, Record<string, any>>'.
  Types of property 'user' are incompatible.
    Type '{ userId?: string | undefined; } | undefined' is not assignable to type 'ITokenPayload | undefined'.
      Property 'role' is missing in type '{ userId?: string | undefined; }' but required in type 'ITokenPayload'.
src/modules/providerDashboard/services/providerDashboard.service.ts(39,31): error TS2365: Operator '>' cannot be applied to types '{}' and 'number'.
src/modules/providerDashboard/services/providerDashboard.service.ts(44,13): error TS2322: Type 'unknown' is not assignable to type 'number'.
src/modules/providerDashboard/services/providerDashboard.service.ts(93,47): error TS2345: Argument of type '(d: { _id: { month: number; }; amount?: number; }) => { month: string; amount: number; }' is not assignable to parameter of type '(value: Record<string, unknown>, index: number, array: Record<string, unknown>[]) => { month: string; amount: number; }'.
  Types of parameters 'd' and 'value' are incompatible.
    Property '_id' is missing in type 'Record<string, unknown>' but required in type '{ _id: { month: number; }; amount?: number | undefined; }'.
src/modules/report/controllers/moderation.controller.ts(7,11): error TS2430: Interface 'RequestWithUser' incorrectly extends interface 'Request<ParamsDictionary, any, any, ParsedQs, Record<string, any>>'.
  Types of property 'user' are incompatible.
    Type '{ userId?: string | undefined; } | undefined' is not assignable to type 'ITokenPayload | undefined'.
      Property 'role' is missing in type '{ userId?: string | undefined; }' but required in type 'ITokenPayload'.
src/modules/report/controllers/report.controller.ts(8,11): error TS2430: Interface 'RequestWithUser' incorrectly extends interface 'Request<ParamsDictionary, any, any, ParsedQs, Record<string, any>>'.
  Types of property 'user' are incompatible.
    Type '{ userId?: string | undefined; } | undefined' is not assignable to type 'ITokenPayload | undefined'.
      Property 'role' is missing in type '{ userId?: string | undefined; }' but required in type 'ITokenPayload'.
src/modules/report/services/moderation.service.ts(66,17): error TS2322: Type 'string' is not assignable to type 'ObjectId'.
src/modules/report/services/moderation.service.ts(67,17): error TS2322: Type 'string' is not assignable to type 'ObjectId'.
src/modules/report/services/moderation.service.ts(70,17): error TS2322: Type 'string' is not assignable to type 'ObjectId'.
src/modules/report/services/moderation.service.ts(86,17): error TS2322: Type 'string' is not assignable to type 'ObjectId'.
src/modules/report/services/moderation.service.ts(87,17): error TS2322: Type 'string' is not assignable to type 'ObjectId'.
src/modules/report/services/moderation.service.ts(90,17): error TS2322: Type 'string' is not assignable to type 'ObjectId'.
src/modules/report/services/moderation.service.ts(104,17): error TS2322: Type 'string' is not assignable to type 'ObjectId'.
src/modules/report/services/moderation.service.ts(105,17): error TS2322: Type 'string' is not assignable to type 'ObjectId'.
src/modules/report/services/moderation.service.ts(108,17): error TS2322: Type 'string' is not assignable to type 'ObjectId'.
src/modules/review/controllers/review.controller.ts(9,11): error TS2430: Interface 'RequestWithUser' incorrectly extends interface 'Request<ParamsDictionary, any, any, ParsedQs, Record<string, any>>'.
  Types of property 'user' are incompatible.
    Type '{ userId?: string | undefined; } | undefined' is not assignable to type 'ITokenPayload | undefined'.
      Property 'role' is missing in type '{ userId?: string | undefined; }' but required in type 'ITokenPayload'.
src/modules/review/controllers/review.controller.ts(28,80): error TS2345: Argument of type '{ assignmentId: string; revieweeId: string; role: REVIEW_ROLE; rating: number; comment?: string | undefined; images?: string[] | undefined; }' is not assignable to parameter of type 'Partial<IReview>'.
  Types of property 'assignmentId' are incompatible.
    Type 'string' is not assignable to type 'ObjectId'.
src/modules/review/index.ts(13,47): error TS2345: Argument of type 'ReviewService' is not assignable to parameter of type 'IReviewService'.
  Types of property 'createReview' are incompatible.
    Type '(reviewerId: string, data: { assignmentId: string; revieweeId: string; role: REVIEW_ROLE; rating: number; comment?: string | undefined; images?: string[] | undefined; }) => Promise<...>' is not assignable to type '(reviewerId: string, data: Partial<IReview>) => Promise<IReview>'.
      Types of parameters 'data' and 'data' are incompatible.
        Type 'Partial<IReview>' is not assignable to type '{ assignmentId: string; revieweeId: string; role: REVIEW_ROLE; rating: number; comment?: string | undefined; images?: string[] | undefined; }'.
          Types of property 'assignmentId' are incompatible.
            Type 'ObjectId | undefined' is not assignable to type 'string'.
              Type 'undefined' is not assignable to type 'string'.
src/modules/review/services/review.service.ts(24,11): error TS2416: Property 'createReview' in type 'ReviewService' is not assignable to the same property in base type 'IReviewService'.
  Type '(reviewerId: string, data: { assignmentId: string; revieweeId: string; role: REVIEW_ROLE; rating: number; comment?: string | undefined; images?: string[] | undefined; }) => Promise<...>' is not assignable to type '(reviewerId: string, data: Partial<IReview>) => Promise<IReview>'.
    Types of parameters 'data' and 'data' are incompatible.
      Type 'Partial<IReview>' is not assignable to type '{ assignmentId: string; revieweeId: string; role: REVIEW_ROLE; rating: number; comment?: string | undefined; images?: string[] | undefined; }'.
        Types of property 'assignmentId' are incompatible.
          Type 'ObjectId | undefined' is not assignable to type 'string'.
            Type 'undefined' is not assignable to type 'string'.
src/modules/serviceProvider/controllers/serviceProvider.controller.ts(129,85): error TS2345: Argument of type 'UpdateProviderDTO' is not assignable to parameter of type 'Partial<IServiceProvider>'.
  Types of property 'skills' are incompatible.
    Type 'string[] | undefined' is not assignable to type 'ObjectId[] | undefined'.
      Type 'string[]' is not assignable to type 'ObjectId[]'.
        Type 'string' is not assignable to type 'ObjectId'.
src/modules/serviceProvider/repositories/serviceProvider.repository.ts(103,60): error TS2304: Cannot find name 'IAvailability'.
src/modules/serviceProvider/repositories/serviceProvider.repository.ts(111,55): error TS2304: Cannot find name 'IBlockedDate'.
src/modules/serviceRequest/services/serviceRequest.service.ts(131,41): error TS2339: Property 'matchedCount' does not exist on type '{}'.
